spring/event/controller/NotificationController.class
spring/event/repository/OptionalDetailsRepository.class
spring/event/repository/User_EventLinkRepository.class
spring/event/controller/ReviewController.class
spring/event/repository/WaitingListRepository.class
spring/event/model/Event.class
spring/event/model/UserEvent.class
spring/event/model/LoginUserWrapper.class
spring/event/controller/EventController.class
spring/event/controller/FileDownloadService.class
spring/event/model/Login.class
spring/event/model/OptionalDetails.class
spring/event/model/User_EventLink.class
spring/event/model/Users.class
spring/event/model/RoleDetailDTO.class
spring/event/model/SpeakerSponsorDTO.class
spring/event/model/EventParser.class
spring/event/repository/EventRepository.class
spring/event/controller/SpeakerSponsorController.class
spring/event/EventPlanningApplication.class
spring/event/model/FileStorageProperties.class
spring/event/repository/ReviewRepository.class
spring/event/controller/OrganizerController.class
spring/event/repository/LoginRepository.class
spring/event/exception/MyFileNotFoundException.class
spring/event/repository/RegistrationRepository.class
spring/event/model/Review_SuggestionParser.class
spring/event/CloseEventComponent.class
spring/event/model/Review.class
spring/event/controller/LoginRegisterController.class
spring/event/controller/ParticipantController.class
spring/event/model/ReviewParser.class
spring/event/model/UserEventEmbedded.class
spring/event/model/Waiting_List.class
