/var/lib/jenkins/workspace/Build/backend/EventPlanning/src/main/java/spring/event/controller/FileDownloadService.java
/var/lib/jenkins/workspace/Build/backend/EventPlanning/src/main/java/spring/event/model/Login.java
/var/lib/jenkins/workspace/Build/backend/EventPlanning/src/main/java/spring/event/model/OptionalDetails.java
/var/lib/jenkins/workspace/Build/backend/EventPlanning/src/main/java/spring/event/repository/LoginRepository.java
/var/lib/jenkins/workspace/Build/backend/EventPlanning/src/main/java/spring/event/model/Review_SuggestionParser.java
/var/lib/jenkins/workspace/Build/backend/EventPlanning/src/main/java/spring/event/model/UserEventEmbedded.java
/var/lib/jenkins/workspace/Build/backend/EventPlanning/src/main/java/spring/event/model/Review.java
/var/lib/jenkins/workspace/Build/backend/EventPlanning/src/main/java/spring/event/repository/User_EventLinkRepository.java
/var/lib/jenkins/workspace/Build/backend/EventPlanning/src/main/java/spring/event/controller/LoginRegisterController.java
/var/lib/jenkins/workspace/Build/backend/EventPlanning/src/main/java/spring/event/model/Waiting_List.java
/var/lib/jenkins/workspace/Build/backend/EventPlanning/src/main/java/spring/event/controller/EventController.java
/var/lib/jenkins/workspace/Build/backend/EventPlanning/src/main/java/spring/event/repository/WaitingListRepository.java
/var/lib/jenkins/workspace/Build/backend/EventPlanning/src/main/java/spring/event/controller/SpeakerSponsorController.java
/var/lib/jenkins/workspace/Build/backend/EventPlanning/src/main/java/spring/event/exception/MyFileNotFoundException.java
/var/lib/jenkins/workspace/Build/backend/EventPlanning/src/main/java/spring/event/model/FileStorageProperties.java
/var/lib/jenkins/workspace/Build/backend/EventPlanning/src/main/java/spring/event/model/User_EventLink.java
/var/lib/jenkins/workspace/Build/backend/EventPlanning/src/main/java/spring/event/controller/ReviewController.java
/var/lib/jenkins/workspace/Build/backend/EventPlanning/src/main/java/spring/event/model/ReviewParser.java
/var/lib/jenkins/workspace/Build/backend/EventPlanning/src/main/java/spring/event/controller/ParticipantController.java
/var/lib/jenkins/workspace/Build/backend/EventPlanning/src/main/java/spring/event/model/EventParser.java
/var/lib/jenkins/workspace/Build/backend/EventPlanning/src/main/java/spring/event/EventPlanningApplication.java
/var/lib/jenkins/workspace/Build/backend/EventPlanning/src/main/java/spring/event/model/RoleDetailDTO.java
/var/lib/jenkins/workspace/Build/backend/EventPlanning/src/main/java/spring/event/repository/EventRepository.java
/var/lib/jenkins/workspace/Build/backend/EventPlanning/src/main/java/spring/event/model/SpeakerSponsorDTO.java
/var/lib/jenkins/workspace/Build/backend/EventPlanning/src/main/java/spring/event/controller/OrganizerController.java
/var/lib/jenkins/workspace/Build/backend/EventPlanning/src/main/java/spring/event/repository/RegistrationRepository.java
/var/lib/jenkins/workspace/Build/backend/EventPlanning/src/main/java/spring/event/repository/OptionalDetailsRepository.java
/var/lib/jenkins/workspace/Build/backend/EventPlanning/src/main/java/spring/event/model/UserEvent.java
/var/lib/jenkins/workspace/Build/backend/EventPlanning/src/main/java/spring/event/controller/NotificationController.java
/var/lib/jenkins/workspace/Build/backend/EventPlanning/src/main/java/spring/event/model/LoginUserWrapper.java
/var/lib/jenkins/workspace/Build/backend/EventPlanning/src/main/java/spring/event/repository/ReviewRepository.java
/var/lib/jenkins/workspace/Build/backend/EventPlanning/src/main/java/spring/event/model/Users.java
/var/lib/jenkins/workspace/Build/backend/EventPlanning/src/main/java/spring/event/model/Event.java
/var/lib/jenkins/workspace/Build/backend/EventPlanning/src/main/java/spring/event/CloseEventComponent.java
